// Jest Snapshot v1, https://goo.gl/fbAQLP

exports[`GraphTopLevelComponent is created 1`] = `
<app-graph-top-level
  __ngContext__={[Function LRootView]}
  graphsky={[Function GraphskyService]}
  http={[Function Object]}
>
  <app-navigation-content />
</app-graph-top-level>
`;
