// Jest Snapshot v1, https://goo.gl/fbAQLP

exports[`CryptoComponent renders 1`] = `
<mock-render>
  <app-crypto>
    <div
      ddflexbox="hyscsw"
      ng-reflect-dd-flexbox="hyscsw"
    >
      <mat-card
        appearance="outlined"
        class="childhv"
        ng-reflect-appearance="outlined"
      >
        <mat-card-title>
          Actions: API
        </mat-card-title>
        <mat-card-content>
          <div
            ddflexbox="vys"
            ng-reflect-dd-flexbox="vys"
          >
            <h1
              class="color-warn"
            >
              CORS/PROXY KILLS API.
            </h1>
            <mat-list
              class="mat-list-auto-height"
            >
              <h3
                mat-subheader=""
              >
                Ping
              </h3>
              <mat-list-item>
                <div
                  ddflexbox="hyc"
                  ng-reflect-dd-flexbox="hyc"
                >
                  <button
                    mat-button=""
                  >
                    Blockchain WS
                  </button>
                  <button
                    mat-button=""
                  >
                    BlockCypher WS
                  </button>
                </div>
              </mat-list-item>
              <h3
                mat-subheader=""
              >
                Address
              </h3>
              <mat-list-item>
                <div
                  ddflexbox="hyc"
                  ng-reflect-dd-flexbox="hyc"
                >
                  <mat-form-field
                    class="childh value-numeric"
                  >
                    <input
                      matinput=""
                      ng-reflect-model="1BoatSLRHtKNngkdXEeobR76b53LET"
                      ng-reflect-placeholder="Bitcoin Address"
                      placeholder="Bitcoin Address"
                    />
                  </mat-form-field>
                  <div
                    ddflexbox="vys"
                    ng-reflect-dd-flexbox="vys"
                  >
                    <button
                      mat-button=""
                    >
                      Blockchain API
                    </button>
                    <button
                      mat-button=""
                    >
                      Blockchain WS
                    </button>
                  </div>
                  <div
                    ddflexbox="vys"
                    ng-reflect-dd-flexbox="vys"
                  >
                    <button
                      mat-button=""
                    >
                      BlockCypher API
                    </button>
                    <button
                      mat-button=""
                    >
                      BlockCypher WS
                    </button>
                  </div>
                </div>
              </mat-list-item>
              <h3
                mat-subheader=""
              >
                Stats
              </h3>
              <mat-list-item>
                <div
                  ddflexbox="hyc"
                  ng-reflect-dd-flexbox="hyc"
                >
                  <div
                    ddflexbox="vys"
                    ng-reflect-dd-flexbox="vys"
                  >
                    <button
                      mat-button=""
                    >
                      WebBitcoin API
                    </button>
                  </div>
                </div>
              </mat-list-item>
            </mat-list>
          </div>
        </mat-card-content>
      </mat-card>
      <mat-card
        appearance="outlined"
        class="childhv"
        ng-reflect-appearance="outlined"
      >
        <mat-card-title>
          Actions: Output
        </mat-card-title>
        <mat-card-content>
          <app-simple-view
            ng-reflect-is-dense="true"
            ng-reflect-is-width-constrained="false"
          />
        </mat-card-content>
      </mat-card>
    </div>
  </app-crypto>
</mock-render>
`;
