// Jest Snapshot v1, https://goo.gl/fbAQLP

exports[`GraphWalkerComponent is created 1`] = `
<app-graph-walker
  CMPS={[Function Array]}
  GRID={[Function String]}
  GRID_CURRENT={[Function String]}
  GRID_FROM={[Function String]}
  GRID_SIZE={[Function String]}
  GRID_TO={[Function String]}
  __ngContext__={[Function LRootView]}
  curNode$={[Function BehaviorSubject]}
  curTag$={[Function BehaviorSubject]}
  curType$={[Function BehaviorSubject]}
  curTypeFirstNode$={[Function AnonymousSubject]}
  curTypeKeyTagValues$={[Function Observable]}
  curTypeKeyTagValuesFiltered$={[Function Observable]}
  curTypeKeys$={[Function AnonymousSubject]}
  curVal$={[Function BehaviorSubject]}
  dbNodeTypeCount$={[Function Observable]}
  dbState$={[Function BehaviorSubject]}
  dbTypes$={[Function Observable]}
  graphsky={[Function GraphskyService]}
  setCurNode={[Function Function]}
  setCurTag={[Function Function]}
  setCurType={[Function Function]}
  setCurVal={[Function Function]}
  tryQuery={[Function Function]}
>
  <mat-card>
    <mat-card-content>
      <div
        ddflexbox="vyt"
        ng-reflect-dd-flexbox="vyt"
      >
        <div
          ddflexbox="hysw"
          ng-reflect-dd-flexbox="hysw"
        >
          <div
            class="contenthv childhv hovered-elevated"
          >
            <h2>
              DB Stats: Overall
            </h2>
            <app-simple-view
              ng-reflect-data="[object Object]"
              ng-reflect-is-dense="true"
              ng-reflect-is-width-constrained="false"
            />
          </div>
          <div
            class="contenthv childhv hovered-elevated"
          >
            <h2>
              DB Stats: Node Types
            </h2>
            <app-simple-view
              ng-reflect-is-dense="true"
              ng-reflect-is-width-constrained="false"
            />
          </div>
        </div>
        <div
          class="contenthv childhv hovered-elevated"
          ddflexbox="hycw"
          ng-reflect-dd-flexbox="hycw"
        >
          <label>
            Query first node of:
          </label>
          <mat-form-field
            class="margin-left childhv"
            hintlabel="Type"
            ng-reflect-hint-label="Type"
          >
            <mat-select>
            </mat-select>
          </mat-form-field>
          <mat-form-field
            class="margin-left childhv"
            hintlabel="Tag"
            ng-reflect-hint-label="Tag"
          >
            <mat-select>
            </mat-select>
          </mat-form-field>
          <button
            mat-mini-fab=""
          >
            &lt;
          </button>
          <button
            mat-mini-fab=""
          >
            &lt;=
          </button>
          <button
            mat-mini-fab=""
          >
            !=
          </button>
          <button
            mat-mini-fab=""
          >
            =
          </button>
          <button
            mat-mini-fab=""
          >
            &gt;=
          </button>
          <button
            mat-mini-fab=""
          >
            &gt;
          </button>
          <mat-form-field
            class="margin-left childhv"
            hintlabel="Value"
            ng-reflect-hint-label="Value"
          >
            <input
              matinput=""
              ng-reflect-autocomplete="[object Object]"
            />
            <mat-autocomplete>
            </mat-autocomplete>
          </mat-form-field>
        </div>
      </div>
    </mat-card-content>
  </mat-card>
</app-graph-walker>
`;
