// Jest Snapshot v1, https://goo.gl/fbAQLP

exports[`BuildComponent renders 1`] = `
<mock-render>
  <app-empty>
    <div>
      ...
    </div>
  </app-empty>
</mock-render>
`;
