// Jest Snapshot v1, https://goo.gl/fbAQLP

exports[`BuildComponent is created 1`] = `
<app-build
  __ngContext__={[Function LRootView]}
  globalFlags$={[Function Observable]}
>
  <mat-card>
    <mat-card-title>
      Build Settings
    </mat-card-title>
    <mat-card-content>
      <app-simple-view />
    </mat-card-content>
  </mat-card>
</app-build>
`;
