// Jest Snapshot v1, https://goo.gl/fbAQLP

exports[`RoutedContentComponent is created 1`] = `
<app-routed-content>
  <div
    class="position-absolute match-parent scroll-y-always scroll-performance container"
  >
    <router-outlet />
  </div>
</app-routed-content>
`;
